// Jest Snapshot v1, https://goo.gl/fbAQLP

exports[`Card renders correctly 1`] = `
.c0 {
  display: inline-block;
  padding: 15px;
  background: white;
  border-radius: 4px;
  box-shadow: 0px 2px 2px rgba(0,0,0,0.1);
  width: 100%;
  box-sizing: border-box;
  margin-bottom: 15px;
}

<div
  className="c0"
/>
`;
