// Jest Snapshot v1, https://goo.gl/fbAQLP

exports[`Modal Container renders correctly 1`] = `
.c0 {
  position: absolute;
  top: 0;
  left: 0;
  right: 0;
  bottom: 0;
  background: rgba(0,0,0,0.25);
  z-index: 998;
  display: -webkit-box;
  display: -webkit-flex;
  display: -ms-flexbox;
  display: flex;
  -webkit-box-pack: center;
  -webkit-justify-content: center;
  -ms-flex-pack: center;
  justify-content: center;
  -webkit-align-items: center;
  -webkit-box-align: center;
  -ms-flex-align: center;
  align-items: center;
}

<div
  className="c0"
/>
`;

exports[`Modal Content renders correctly 1`] = `
.c0 {
  background: white;
  padding: 15px;
  border-radius: 4px;
  margin-top: -10%;
  box-shadow: 0px 2px 2px rgba(0,0,0,0.1);
  position: relative;
  min-width: 300px;
  max-width: 600px;
  width: 50%;
}

.c0 span {
  position: absolute;
  top: 0;
  right: 0;
  padding: 15px;
}

<div
  className="c0"
/>
`;
