// Jest Snapshot v1, https://goo.gl/fbAQLP

exports[`Booked Leave renders correctly 1`] = `<div />`;
